// Jest Snapshot v1, https://goo.gl/fbAQLP

exports[`ArticlesList component renders ArticlesList 1`] = `
<DocumentFragment>
  <h1>
    News Articles
  </h1>
  <ul
    data-testid="article"
  />
</DocumentFragment>
`;
